TAP version 13
1..12
ok 1 - src/apps/shop/auth/__tests__/session-guard.test.ts {
    1..1
    ok 1 - セッションガード {
        1..3
        ok 1 - 認証が必要な画面 {
            1..2
            ok 1 - 未ログインの利用者はログイン画面へ誘導される
            ok 2 - 有効なセッションを持つ利用者は注文履歴を表示できる
        }
        ok 2 - 公開画面 {
            1..1
            ok 1 - 商品一覧はセッションなしでも表示できる
        }
        ok 3 - セッション期限切れ {
            1..2
            ok 1 - 期限切れトークンは破棄される
            ok 2 - 再ログイン後は元の遷移先へ戻る
        }
    }
}
ok 2 - src/apps/shop/catalog/pricing/__tests__/discount-rules.test.ts {
    1..1
    ok 1 - 割引ルール計算 {
        1..4
        ok 1 - クーポン割引 {
            1..3
            ok 1 - 有効期限内の固定額クーポンを小計から差し引く
            ok 2 - 最小購入金額を満たさないクーポンは適用しない
            ok 3 - 併用不可クーポンは優先度の高い一件だけ適用する
        }
        ok 2 - 会員ランク割引 {
            1..3
            ok 1 - ゴールド会員にはランク率の割引を加算する
            ok 2 - 通常会員にはランク割引を付与しない
            ok 3 - 割引後金額が0円未満にならない
        }
        ok 3 - セール価格 {
            1..2
            ok 1 - セール期間中は通常価格よりセール価格を優先する
            ok 2 - 期間外のセール価格は無視する
        }
        ok 4 - 表示用丸め {
            1..2
            ok 1 - 税込表示額は1円単位で丸める
            ok 2 - 割引率の表示は小数第一位までに整形する
        }
    }
}
ok 3 - src/apps/shop/checkout/cart/__tests__/cart-service.test.ts {
    1..1
    ok 1 - カートサービス {
        1..5
        ok 1 - 商品追加 {
            1..3
            ok 1 - 空のカートに商品を追加できる
            ok 2 - 同じ商品を追加すると数量を合算する
            ok 3 - 販売停止中の商品は追加できない
        }
        ok 2 - 数量変更 {
            1..3
            ok 1 - 数量を増やすと小計が更新される
            ok 2 - 数量を0にすると明細から削除される
            ok 3 - 在庫数を超える数量には変更できない
        }
        ok 3 - 配送料 {
            1..3
            ok 1 - 送料無料条件を満たすと配送料が0円になる
            ok 2 - 冷蔵商品が含まれると冷蔵配送料を加算する
            ok 3 - 離島宛ての注文には地域加算を適用する
        }
        ok 4 - 在庫再確認 {
            1..2
            ok 1 - 注文確定前に在庫切れの商品を検出する
            ok 2 - 在庫が戻った商品は警告を解除する
        }
        ok 5 - エラー表示 {
            1..2
            ok 1 - 複数の入力エラーを商品行ごとに保持する
            ok 2 - 解消済みエラーは次回計算時に残さない
        }
    }
}
ok 4 - src/apps/shop/orders/fulfillment/__tests__/shipment-planner.test.ts {
    1..1
    ok 1 - 出荷計画 {
        1..4
        ok 1 - 梱包分割 {
            1..3
            ok 1 - 通常商品と冷凍商品を別梱包に分ける
            ok 2 - 同梱不可の商品は個別の梱包にする
            ok 3 - 重量上限を超える場合は複数口に分割する
        }
        ok 2 - 出荷可能日 {
            1..2
            ok 1 - 休業日は出荷候補日から除外する
            ok 2 - 予約商品は発売日以降を出荷可能日にする
        }
        ok 3 - 倉庫割当 {
            1..3
            ok 1 - 在庫が最も近い倉庫を優先する
            ok 2 - 一つの倉庫で不足する場合は複数倉庫に分ける
            ok 3 - 出荷停止中の倉庫は候補に含めない
        }
        ok 4 - 通知連携 {
            1..2
            ok 1 - 出荷予定が確定すると購入者向け通知を作成する
            ok 2 - 追跡番号が未採番の荷物は通知対象外にする
        }
    }
}
ok 5 - src/apps/shop/payments/refunds/__tests__/refund-policy.test.ts {
    1..1
    ok 1 - 返金ポリシー {
        1..4
        ok 1 - 全額返金 {
            1..2
            ok 1 - 注文全体をキャンセルすると支払額全額を返金する
            ok 2 - 使用済みポイントも返却対象に含める
        }
        ok 2 - 一部返金 {
            1..3
            ok 1 - 返品された商品の金額だけ返金する
            ok 2 - 送料返金対象外の商品では送料を残す
            ok 3 - 返金済み明細は再度返金しない
        }
        ok 3 - 手数料 {
            1..2
            ok 1 - 代引き手数料は発送前キャンセル時だけ返金する
            ok 2 - 決済手数料の端数は購入者有利に丸める
        }
        ok 4 - 監査ログ {
            1..2
            ok 1 - 返金理由と担当者メモを履歴に残す
            ok 2 - 自動返金と手動返金を区別して記録する
        }
    }
}
ok 6 - src/apps/blog/editor/__tests__/draft-workflow.test.ts {
    1..1
    ok 1 - 記事下書きワークフロー {
        1..4
        ok 1 - 下書き保存 {
            1..3
            ok 1 - 新規記事は下書き状態で保存される
            ok 2 - 本文が空でもタイトルがあれば一時保存できる
            ok 3 - 保存時に更新者と更新日時を記録する
        }
        ok 2 - プレビュー {
            1..3
            ok 1 - 公開前の記事をプレビュー用URLで表示できる
            ok 2 - 非公開タグはプレビューにも表示しない
            ok 3 - 差し替え前の画像URLはプレビューに残さない
        }
        ok 3 - 共同編集 {
            1..2
            ok 1 - 他の編集者が保存した変更を競合として検出する
            ok 2 - 自分の下書きだけを上書き保存できる
        }
        ok 4 - 入力検証 {
            1..2
            ok 1 - タイトルの最大文字数を超える記事は保存できない
            ok 2 - 許可されていないHTML属性を本文から除去する
        }
    }
}
ok 7 - src/apps/blog/publishing/scheduler/__tests__/publish-scheduler.test.ts {
    1..1
    ok 1 - 公開スケジューラー {
        1..3
        ok 1 - 予約公開 {
            1..2
            ok 1 - タイムゾーン変換 {
                1..2
                ok 1 - 編集画面の日時をサイト標準時刻に変換する
                ok 2 - 夏時間の切り替わり日でも予約時刻を保持する
            }
            ok 2 - 競合検知 {
                1..2
                ok 1 - 同じスラッグの予約記事がある場合は公開を止める
                ok 2 - 公開済み記事との重複も競合として扱う
            }
        }
        ok 2 - 即時公開 {
            1..2
            ok 1 - 承認済み記事は即時に公開状態へ変更できる
            ok 2 - 未承認記事の即時公開は拒否される
        }
        ok 3 - 公開通知 {
            1..2
            ok 1 - 公開成功時に購読者向け通知を予約する
            ok 2 - 外部配信先ごとの再試行設定を反映する # TODO
        }
    }
}
ok 8 - src/apps/blog/comments/moderation/__tests__/comment-moderation.test.ts {
    1..1
    ok 1 - コメントモデレーション {
        1..3
        ok 1 - 投稿受付 {
            1..3
            ok 1 - ログイン利用者のコメントは承認待ちにする
            ok 2 - 禁止語を含むコメントは保留理由を付ける
            ok 3 - 連続投稿の間隔が短い場合は受付を制限する
        }
        ok 2 - 承認操作 {
            1..3
            ok 1 - 承認済みコメントは記事ページに表示される
            ok 2 - 却下済みコメントは投稿者にだけ状態を表示する
            ok 3 - 承認者の識別子を監査ログに残す
        }
        ok 3 - 通報対応 {
            1..2
            ok 1 - 通報件数がしきい値を超えると自動で非表示にする
            ok 2 - 解決済み通報は一覧の既定表示から除外する
        }
    }
}
ok 9 - src/apps/tasks/boards/permissions/__tests__/board-access.test.ts {
    1..1
    ok 1 - ボード権限 {
        1..4
        ok 1 - 閲覧権限 {
            1..2
            ok 1 - 参加中のボードは一覧に表示される
            ok 2 - 招待前の非公開ボードは検索結果に出ない
        }
        ok 2 - 編集権限 {
            1..3
            ok 1 - 管理者はボード名を変更できる
            ok 2 - メンバーはカードの担当者を変更できる
            ok 3 - ゲストはカラム設定を変更できない
        }
        ok 3 - 招待 {
            1..3
            ok 1 - 招待メールは未参加の利用者にだけ送信する
            ok 2 - 期限切れ招待リンクでは参加できない
            ok 3 - 既存メンバーへの招待は重複作成しない
        }
        ok 4 - 監査 {
            1..2
            ok 1 - 権限変更の前後値を履歴に残す
            ok 2 - 自分自身の管理者権限は最後の一人なら外せない
        }
    }
}
ok 10 - src/apps/tasks/cards/recurring/__tests__/recurring-card.test.ts {
    1..1
    ok 1 - 繰り返しカード {
        1..4
        ok 1 - 日次ルール {
            1..2
            ok 1 - 完了時に翌日のカードを作成する
            ok 2 - 休日を除外する設定なら次の営業日に繰り越す
        }
        ok 2 - 週次ルール {
            1..3
            ok 1 - 指定した曜日だけカードを生成する
            ok 2 - 複数曜日の設定では各曜日に一件ずつ生成する
            ok 3 - 週の開始曜日をプロジェクト設定から取得する
        }
        ok 3 - 月次ルール {
            1..2
            ok 1 - 月末指定は翌月の最終日に補正する
            ok 2 - 存在しない日付は生成をスキップせず末日に寄せる
        }
        ok 4 - 重複防止 {
            1..2
            ok 1 - 同じ基準日のカードは二重作成しない
            ok 2 - 手動で作成済みのカードとは識別子で衝突しない
        }
    }
}
ok 11 - src/apps/tasks/notifications/digest/__tests__/daily-digest.test.ts {
    1..1
    ok 1 - デイリーダイジェスト {
        1..3
        ok 1 - 対象抽出 {
            1..3
            ok 1 - 今日が期限の未完了カードを含める
            ok 2 - アーカイブ済みボードのカードは含めない
            ok 3 - 通知を無効にした利用者は送信対象外にする
        }
        ok 2 - 表示順 {
            1..2
            ok 1 - 期限が近いカードを先に並べる
            ok 2 - 同じ期限なら優先度が高いカードを先に並べる
        }
        ok 3 - 送信制御 {
            1..3
            ok 1 - 対象カードがない利用者には送信しない
            ok 2 - 前回送信に失敗した利用者は一度だけ再試行する
            ok 3 - 週末の配信停止設定を尊重する # TODO
        }
    }
}
ok 12 - src/apps/tasks/import-export/__tests__/csv-roundtrip.test.ts {
    1..1
    ok 1 - CSV入出力 {
        1..4
        ok 1 - インポート {
            1..2
            ok 1 - 見出し行の列名を柔軟に解釈する
            ok 2 - 必須列が不足する行はエラーとして記録する
        }
        ok 2 - エクスポート {
            1..3
            ok 1 - ボード内のカードをカラム順に出力する
            ok 2 - 改行を含む本文は引用符付きで出力する
            ok 3 - 完了済みカードを含めるか設定で切り替える
        }
        ok 3 - 往復変換 {
            1..2
            ok 1 - エクスポートしたCSVを再インポートして同じカードを復元できる
            ok 2 - 空の任意列は未設定として扱う
        }
        ok 4 - エラー集約 {
            1..2
            ok 1 - 複数行の検証エラーを行番号付きで返す
            ok 2 - 警告だけの行は取り込み対象に残す
        }
    }
}
